Component: ARM Compiler 5.06 update 6 (build 750) Tool: armlink [4d35ed]

==============================================================================

Section Cross References

    main.o(i.main) refers to tpm.o(i.tpmInitialize) for tpmInitialize
    main.o(i.main) refers to uart.o(i.uartInitialize) for uartInitialize
    main.o(i.main) refers to i2c.o(i.i2c_init) for i2c_init
    main.o(i.main) refers to acc.o(i.init_mma) for init_mma
    main.o(i.main) refers to leds.o(i.ledsInitialize) for ledsInitialize
    i2c.o(i.PORTA_IRQHandler) refers to leds.o(i.ledRedOn) for ledRedOn
    i2c.o(i.PORTA_IRQHandler) refers to fflti.o(.text) for __aeabi_ui2f
    i2c.o(i.PORTA_IRQHandler) refers to fdiv.o(.text) for __aeabi_fdiv
    i2c.o(i.PORTA_IRQHandler) refers to fmul.o(x$fpl$fmul) for __aeabi_fmul
    i2c.o(i.PORTA_IRQHandler) refers to ffixui.o(.text) for __aeabi_f2uiz
    i2c.o(i.PORTA_IRQHandler) refers to uart.o(i.send_char) for send_char
    i2c.o(i.PORTA_IRQHandler) refers to leds.o(i.ledsOff) for ledsOff
    i2c.o(i.PORTA_IRQHandler) refers to i2c.o(.data) for ff
    i2c.o(i.PORTA_IRQHandler) refers to tpm.o(.data) for n
    i2c.o(i.i2c_init) refers to i2c.o(i.NVIC_SetPriority) for NVIC_SetPriority
    uart.o(i.UART0_IRQHandler) refers to uart.o(i.NVIC_ClearPendingIRQ) for NVIC_ClearPendingIRQ
    uart.o(i.UART0_IRQHandler) refers to uart.o(i.q_empty) for q_empty
    uart.o(i.UART0_IRQHandler) refers to uart.o(i.dequeue) for dequeue
    uart.o(i.UART0_IRQHandler) refers to uart.o(i.q_full) for q_full
    uart.o(i.UART0_IRQHandler) refers to uart.o(i.enqueue) for enqueue
    uart.o(i.UART0_IRQHandler) refers to uart.o(.bss) for Q_TX
    uart.o(i.dequeue) refers to uart.o(i.q_empty) for q_empty
    uart.o(i.enqueue) refers to uart.o(i.q_full) for q_full
    uart.o(i.enqueue_string) refers to uart.o(i.enqueue) for enqueue
    uart.o(i.init_RXTX_buffers) refers to uart.o(i.init_buffer) for init_buffer
    uart.o(i.init_RXTX_buffers) refers to uart.o(.bss) for Q_TX
    uart.o(i.send_string) refers to uart.o(i.send_char) for send_char
    uart.o(i.uartInitialize) refers to uart.o(i.init_RXTX_buffers) for init_RXTX_buffers
    uart.o(i.uartInitialize) refers to uart.o(i.NVIC_SetPriority) for NVIC_SetPriority
    uart.o(i.uartInitialize) refers to uart.o(i.NVIC_ClearPendingIRQ) for NVIC_ClearPendingIRQ
    acc.o(i.init_mma) refers to i2c.o(i.i2c_read_byte) for i2c_read_byte
    acc.o(i.init_mma) refers to extra.o(i.delay_mc) for delay_mc
    acc.o(i.init_mma) refers to i2c.o(i.i2c_write_byte) for i2c_write_byte
    acc.o(i.read_full_xyz) refers to i2c.o(i.i2c_read_setup) for i2c_read_setup
    acc.o(i.read_full_xyz) refers to i2c.o(i.i2c_read_mult_bytes) for i2c_read_mult_bytes
    acc.o(i.read_x) refers to i2c.o(i.i2c_read_byte) for i2c_read_byte
    tpm.o(i.TPM0_IRQHandler) refers to tpm.o(.data) for n
    tpm.o(i.tpmInitialize) refers to system_mkl05z4.o(i.SystemCoreClockUpdate) for SystemCoreClockUpdate
    startup_mkl05z4.o(STACK) refers (Special) to heapauxi.o(.text) for __use_two_region_memory
    startup_mkl05z4.o(HEAP) refers (Special) to heapauxi.o(.text) for __use_two_region_memory
    startup_mkl05z4.o(RESET) refers (Special) to heapauxi.o(.text) for __use_two_region_memory
    startup_mkl05z4.o(RESET) refers to startup_mkl05z4.o(STACK) for __initial_sp
    startup_mkl05z4.o(RESET) refers to startup_mkl05z4.o(.text) for Reset_Handler
    startup_mkl05z4.o(RESET) refers to uart.o(i.UART0_IRQHandler) for UART0_IRQHandler
    startup_mkl05z4.o(RESET) refers to tpm.o(i.TPM0_IRQHandler) for TPM0_IRQHandler
    startup_mkl05z4.o(RESET) refers to i2c.o(i.PORTA_IRQHandler) for PORTA_IRQHandler
    startup_mkl05z4.o(.ARM.__at_0x400) refers (Special) to heapauxi.o(.text) for __use_two_region_memory
    startup_mkl05z4.o(.text) refers (Special) to heapauxi.o(.text) for __use_two_region_memory
    startup_mkl05z4.o(.text) refers to system_mkl05z4.o(i.SystemInit) for SystemInit
    startup_mkl05z4.o(.text) refers to __main.o(!!!main) for __main
    startup_mkl05z4.o(.text) refers to startup_mkl05z4.o(HEAP) for Heap_Mem
    startup_mkl05z4.o(.text) refers to startup_mkl05z4.o(STACK) for Stack_Mem
    system_mkl05z4.o(i.SystemCoreClockUpdate) refers to aeabi_sdiv.o(.text) for __aeabi_uidivmod
    system_mkl05z4.o(i.SystemCoreClockUpdate) refers to system_mkl05z4.o(i.__ARM_common_switch8) for __ARM_common_switch8
    system_mkl05z4.o(i.SystemCoreClockUpdate) refers to system_mkl05z4.o(.data) for SystemCoreClock
    __main.o(!!!main) refers to __rtentry.o(.ARM.Collect$$rtentry$$00000000) for __rt_entry
    fdiv.o(.text) refers (Special) to usenofp.o(x$fpl$usenofp) for __I$use$fp
    fdiv.o(.text) refers to fdiv.o(.constdata) for .constdata
    fdiv.o(.constdata) refers (Special) to usenofp.o(x$fpl$usenofp) for __I$use$fp
    ffixui.o(.text) refers (Special) to usenofp.o(x$fpl$usenofp) for __I$use$fp
    fflti.o(.text) refers (Special) to usenofp.o(x$fpl$usenofp) for __I$use$fp
    fmul.o(x$fpl$fmul) refers (Special) to usenofp.o(x$fpl$usenofp) for __I$use$fp
    __rtentry.o(.ARM.Collect$$rtentry$$00000000) refers (Special) to __rtentry2.o(.ARM.Collect$$rtentry$$0000000A) for __rt_entry_li
    __rtentry.o(.ARM.Collect$$rtentry$$00000000) refers (Special) to __rtentry2.o(.ARM.Collect$$rtentry$$0000000D) for __rt_entry_main
    __rtentry.o(.ARM.Collect$$rtentry$$00000000) refers (Special) to __rtentry2.o(.ARM.Collect$$rtentry$$0000000C) for __rt_entry_postli_1
    __rtentry.o(.ARM.Collect$$rtentry$$00000000) refers (Special) to __rtentry2.o(.ARM.Collect$$rtentry$$00000009) for __rt_entry_postsh_1
    __rtentry.o(.ARM.Collect$$rtentry$$00000000) refers (Special) to __rtentry2.o(.ARM.Collect$$rtentry$$00000002) for __rt_entry_presh_1
    __rtentry.o(.ARM.Collect$$rtentry$$00000000) refers (Special) to __rtentry4.o(.ARM.Collect$$rtentry$$00000004) for __rt_entry_sh
    aeabi_idiv0_sigfpe.o(.text) refers to rt_div0.o(.text) for __rt_div0
    __rtentry2.o(.ARM.Collect$$rtentry$$00000008) refers to boardinit2.o(.text) for _platform_post_stackheap_init
    __rtentry2.o(.ARM.Collect$$rtentry$$0000000A) refers to libinit.o(.ARM.Collect$$libinit$$00000000) for __rt_lib_init
    __rtentry2.o(.ARM.Collect$$rtentry$$0000000B) refers to boardinit3.o(.text) for _platform_post_lib_init
    __rtentry2.o(.ARM.Collect$$rtentry$$0000000D) refers to main.o(i.main) for main
    __rtentry2.o(.ARM.Collect$$rtentry$$0000000D) refers to exit.o(.text) for exit
    __rtentry2.o(.ARM.exidx) refers to __rtentry2.o(.ARM.Collect$$rtentry$$00000001) for .ARM.Collect$$rtentry$$00000001
    __rtentry2.o(.ARM.exidx) refers to __rtentry2.o(.ARM.Collect$$rtentry$$00000008) for .ARM.Collect$$rtentry$$00000008
    __rtentry2.o(.ARM.exidx) refers to __rtentry2.o(.ARM.Collect$$rtentry$$0000000A) for .ARM.Collect$$rtentry$$0000000A
    __rtentry2.o(.ARM.exidx) refers to __rtentry2.o(.ARM.Collect$$rtentry$$0000000B) for .ARM.Collect$$rtentry$$0000000B
    __rtentry2.o(.ARM.exidx) refers to __rtentry2.o(.ARM.Collect$$rtentry$$0000000D) for .ARM.Collect$$rtentry$$0000000D
    __rtentry4.o(.ARM.Collect$$rtentry$$00000004) refers to sys_stackheap_outer.o(.text) for __user_setup_stackheap
    __rtentry4.o(.ARM.exidx) refers to __rtentry4.o(.ARM.Collect$$rtentry$$00000004) for .ARM.Collect$$rtentry$$00000004
    rt_div0.o(.text) refers to defsig_fpe_outer.o(.text) for __rt_SIGFPE
    sys_stackheap_outer.o(.text) refers to libspace.o(.text) for __user_perproc_libspace
    sys_stackheap_outer.o(.text) refers to startup_mkl05z4.o(.text) for __user_initial_stackheap
    sys_stackheap_outer.o(__vectab_stack_and_reset_area) refers to tempstk.o(.text) for __temporary_stack_top
    sys_stackheap_outer.o(__vectab_stack_and_reset_area) refers to __main.o(!!!main) for __main
    exit.o(.text) refers to rtexit.o(.ARM.Collect$$rtexit$$00000000) for __rt_exit
    defsig_fpe_outer.o(.text) refers to defsig_fpe_inner.o(.text) for __rt_SIGFPE_inner
    defsig_fpe_outer.o(.text) refers to defsig_exit.o(.text) for __sig_exit
    defsig_fpe_formal.o(.text) refers to rt_raise.o(.text) for __rt_raise
    libinit.o(.ARM.Collect$$libinit$$00000000) refers (Special) to libinit2.o(.ARM.Collect$$libinit$$0000002E) for __rt_lib_init_alloca_1
    libinit.o(.ARM.Collect$$libinit$$00000000) refers (Special) to libinit2.o(.ARM.Collect$$libinit$$0000002C) for __rt_lib_init_argv_1
    libinit.o(.ARM.Collect$$libinit$$00000000) refers (Special) to libinit2.o(.ARM.Collect$$libinit$$0000001B) for __rt_lib_init_atexit_1
    libinit.o(.ARM.Collect$$libinit$$00000000) refers (Special) to libinit2.o(.ARM.Collect$$libinit$$00000021) for __rt_lib_init_clock_1
    libinit.o(.ARM.Collect$$libinit$$00000000) refers (Special) to libinit2.o(.ARM.Collect$$libinit$$00000032) for __rt_lib_init_cpp_1
    libinit.o(.ARM.Collect$$libinit$$00000000) refers (Special) to libinit2.o(.ARM.Collect$$libinit$$00000030) for __rt_lib_init_exceptions_1
    libinit.o(.ARM.Collect$$libinit$$00000000) refers (Special) to libinit2.o(.ARM.Collect$$libinit$$00000002) for __rt_lib_init_fp_1
    libinit.o(.ARM.Collect$$libinit$$00000000) refers (Special) to libinit2.o(.ARM.Collect$$libinit$$0000001F) for __rt_lib_init_fp_trap_1
    libinit.o(.ARM.Collect$$libinit$$00000000) refers (Special) to libinit2.o(.ARM.Collect$$libinit$$00000023) for __rt_lib_init_getenv_1
    libinit.o(.ARM.Collect$$libinit$$00000000) refers (Special) to libinit2.o(.ARM.Collect$$libinit$$0000000A) for __rt_lib_init_heap_1
    libinit.o(.ARM.Collect$$libinit$$00000000) refers (Special) to libinit2.o(.ARM.Collect$$libinit$$00000011) for __rt_lib_init_lc_collate_1
    libinit.o(.ARM.Collect$$libinit$$00000000) refers (Special) to libinit2.o(.ARM.Collect$$libinit$$00000013) for __rt_lib_init_lc_ctype_1
    libinit.o(.ARM.Collect$$libinit$$00000000) refers (Special) to libinit2.o(.ARM.Collect$$libinit$$00000015) for __rt_lib_init_lc_monetary_1
    libinit.o(.ARM.Collect$$libinit$$00000000) refers (Special) to libinit2.o(.ARM.Collect$$libinit$$00000017) for __rt_lib_init_lc_numeric_1
    libinit.o(.ARM.Collect$$libinit$$00000000) refers (Special) to libinit2.o(.ARM.Collect$$libinit$$00000019) for __rt_lib_init_lc_time_1
    libinit.o(.ARM.Collect$$libinit$$00000000) refers (Special) to libinit2.o(.ARM.Collect$$libinit$$00000004) for __rt_lib_init_preinit_1
    libinit.o(.ARM.Collect$$libinit$$00000000) refers (Special) to libinit2.o(.ARM.Collect$$libinit$$0000000E) for __rt_lib_init_rand_1
    libinit.o(.ARM.Collect$$libinit$$00000000) refers (Special) to libinit2.o(.ARM.Collect$$libinit$$00000033) for __rt_lib_init_return
    libinit.o(.ARM.Collect$$libinit$$00000000) refers (Special) to libinit2.o(.ARM.Collect$$libinit$$0000001D) for __rt_lib_init_signal_1
    libinit.o(.ARM.Collect$$libinit$$00000000) refers (Special) to libinit2.o(.ARM.Collect$$libinit$$00000025) for __rt_lib_init_stdio_1
    libinit.o(.ARM.Collect$$libinit$$00000000) refers (Special) to libinit2.o(.ARM.Collect$$libinit$$0000000C) for __rt_lib_init_user_alloc_1
    libspace.o(.text) refers to libspace.o(.bss) for __libspace_start
    rtexit.o(.ARM.Collect$$rtexit$$00000000) refers (Special) to rtexit2.o(.ARM.Collect$$rtexit$$00000004) for __rt_exit_exit
    rtexit.o(.ARM.Collect$$rtexit$$00000000) refers (Special) to rtexit2.o(.ARM.Collect$$rtexit$$00000003) for __rt_exit_ls
    rtexit.o(.ARM.Collect$$rtexit$$00000000) refers (Special) to rtexit2.o(.ARM.Collect$$rtexit$$00000002) for __rt_exit_prels_1
    rtexit.o(.ARM.exidx) refers (Special) to rtexit2.o(.ARM.Collect$$rtexit$$00000004) for __rt_exit_exit
    rtexit.o(.ARM.exidx) refers (Special) to rtexit2.o(.ARM.Collect$$rtexit$$00000003) for __rt_exit_ls
    rtexit.o(.ARM.exidx) refers (Special) to rtexit2.o(.ARM.Collect$$rtexit$$00000002) for __rt_exit_prels_1
    rtexit.o(.ARM.exidx) refers to rtexit.o(.ARM.Collect$$rtexit$$00000000) for .ARM.Collect$$rtexit$$00000000
    rt_raise.o(.text) refers to __raise.o(.text) for __raise
    rt_raise.o(.text) refers to sys_exit.o(.text) for _sys_exit
    defsig_exit.o(.text) refers to sys_exit.o(.text) for _sys_exit
    defsig_fpe_inner.o(.text) refers to defsig_general.o(.text) for __default_signal_display
    libinit2.o(.ARM.Collect$$libinit$$00000010) refers to libinit2.o(.ARM.Collect$$libinit$$0000000F) for .ARM.Collect$$libinit$$0000000F
    libinit2.o(.ARM.Collect$$libinit$$00000012) refers to libinit2.o(.ARM.Collect$$libinit$$0000000F) for .ARM.Collect$$libinit$$0000000F
    libinit2.o(.ARM.Collect$$libinit$$00000014) refers to libinit2.o(.ARM.Collect$$libinit$$0000000F) for .ARM.Collect$$libinit$$0000000F
    libinit2.o(.ARM.Collect$$libinit$$00000016) refers to libinit2.o(.ARM.Collect$$libinit$$0000000F) for .ARM.Collect$$libinit$$0000000F
    libinit2.o(.ARM.Collect$$libinit$$00000018) refers to libinit2.o(.ARM.Collect$$libinit$$0000000F) for .ARM.Collect$$libinit$$0000000F
    libinit2.o(.ARM.Collect$$libinit$$00000026) refers to argv_veneer.o(.text) for __ARM_argv_veneer
    libinit2.o(.ARM.Collect$$libinit$$00000027) refers to argv_veneer.o(.text) for __ARM_argv_veneer
    sys_exit.o(.text) refers (Special) to use_no_semi.o(.text) for __I$use$semihosting
    sys_exit.o(.text) refers (Special) to indicate_semi.o(.text) for __semihosting_library_function
    rtexit2.o(.ARM.Collect$$rtexit$$00000003) refers to libshutdown.o(.ARM.Collect$$libshutdown$$00000000) for __rt_lib_shutdown
    rtexit2.o(.ARM.Collect$$rtexit$$00000004) refers to sys_exit.o(.text) for _sys_exit
    rtexit2.o(.ARM.exidx) refers to rtexit2.o(.ARM.Collect$$rtexit$$00000001) for .ARM.Collect$$rtexit$$00000001
    rtexit2.o(.ARM.exidx) refers to rtexit2.o(.ARM.Collect$$rtexit$$00000003) for .ARM.Collect$$rtexit$$00000003
    rtexit2.o(.ARM.exidx) refers to rtexit2.o(.ARM.Collect$$rtexit$$00000004) for .ARM.Collect$$rtexit$$00000004
    __raise.o(.text) refers to defsig.o(CL$$defsig) for __default_signal_handler
    defsig_general.o(.text) refers to sys_wrch.o(.text) for _ttywrch
    sys_wrch.o(.text) refers (Special) to use_no_semi.o(.text) for __I$use$semihosting
    sys_wrch.o(.text) refers (Special) to indicate_semi.o(.text) for __semihosting_library_function
    defsig.o(CL$$defsig) refers to defsig_fpe_inner.o(.text) for __rt_SIGFPE_inner
    defsig.o(CL$$defsig) refers to defsig_rtmem_inner.o(.text) for __rt_SIGRTMEM_inner
    _get_argv_nomalloc.o(.text) refers (Special) to hrguard.o(.text) for __heap_region$guard
    _get_argv_nomalloc.o(.text) refers to defsig_rtmem_outer.o(.text) for __rt_SIGRTMEM
    _get_argv_nomalloc.o(.text) refers to sys_command.o(.text) for _sys_command_string
    libshutdown.o(.ARM.Collect$$libshutdown$$00000000) refers (Special) to libshutdown2.o(.ARM.Collect$$libshutdown$$00000002) for __rt_lib_shutdown_cpp_1
    libshutdown.o(.ARM.Collect$$libshutdown$$00000000) refers (Special) to libshutdown2.o(.ARM.Collect$$libshutdown$$00000007) for __rt_lib_shutdown_fp_trap_1
    libshutdown.o(.ARM.Collect$$libshutdown$$00000000) refers (Special) to libshutdown2.o(.ARM.Collect$$libshutdown$$0000000F) for __rt_lib_shutdown_heap_1
    libshutdown.o(.ARM.Collect$$libshutdown$$00000000) refers (Special) to libshutdown2.o(.ARM.Collect$$libshutdown$$00000010) for __rt_lib_shutdown_return
    libshutdown.o(.ARM.Collect$$libshutdown$$00000000) refers (Special) to libshutdown2.o(.ARM.Collect$$libshutdown$$0000000A) for __rt_lib_shutdown_signal_1
    libshutdown.o(.ARM.Collect$$libshutdown$$00000000) refers (Special) to libshutdown2.o(.ARM.Collect$$libshutdown$$00000004) for __rt_lib_shutdown_stdio_1
    libshutdown.o(.ARM.Collect$$libshutdown$$00000000) refers (Special) to libshutdown2.o(.ARM.Collect$$libshutdown$$0000000C) for __rt_lib_shutdown_user_alloc_1
    sys_command.o(.text) refers (Special) to use_no_semi.o(.text) for __I$use$semihosting
    sys_command.o(.text) refers (Special) to indicate_semi.o(.text) for __semihosting_library_function
    defsig_abrt_inner.o(.text) refers to defsig_general.o(.text) for __default_signal_display
    defsig_rtred_inner.o(.text) refers to defsig_general.o(.text) for __default_signal_display
    defsig_rtmem_inner.o(.text) refers to defsig_general.o(.text) for __default_signal_display
    defsig_rtmem_outer.o(.text) refers to defsig_rtmem_inner.o(.text) for __rt_SIGRTMEM_inner
    defsig_rtmem_outer.o(.text) refers to defsig_exit.o(.text) for __sig_exit
    defsig_rtmem_formal.o(.text) refers to rt_raise.o(.text) for __rt_raise
    defsig_stak_inner.o(.text) refers to defsig_general.o(.text) for __default_signal_display
    defsig_pvfn_inner.o(.text) refers to defsig_general.o(.text) for __default_signal_display
    defsig_cppl_inner.o(.text) refers to defsig_general.o(.text) for __default_signal_display
    defsig_segv_inner.o(.text) refers to defsig_general.o(.text) for __default_signal_display
    defsig_other.o(.text) refers to defsig_general.o(.text) for __default_signal_display


==============================================================================

Removing Unused input sections from the image.

    Removing main.o(.rev16_text), (4 bytes).
    Removing main.o(.revsh_text), (4 bytes).
    Removing i2c.o(.rev16_text), (4 bytes).
    Removing i2c.o(.revsh_text), (4 bytes).
    Removing i2c.o(i.i2c_read_mult_bytes), (88 bytes).
    Removing i2c.o(i.i2c_read_setup), (140 bytes).
    Removing uart.o(.rev16_text), (4 bytes).
    Removing uart.o(.revsh_text), (4 bytes).
    Removing uart.o(i.enqueue_string), (26 bytes).
    Removing uart.o(i.send_string), (22 bytes).
    Removing acc.o(.rev16_text), (4 bytes).
    Removing acc.o(.revsh_text), (4 bytes).
    Removing acc.o(i.read_full_xyz), (96 bytes).
    Removing acc.o(i.read_x), (16 bytes).
    Removing acc.o(.data), (3 bytes).
    Removing extra.o(.rev16_text), (4 bytes).
    Removing extra.o(.revsh_text), (4 bytes).
    Removing tpm.o(.rev16_text), (4 bytes).
    Removing tpm.o(.revsh_text), (4 bytes).
    Removing leds.o(.rev16_text), (4 bytes).
    Removing leds.o(.revsh_text), (4 bytes).
    Removing leds.o(i.ledGreenOn), (24 bytes).
    Removing leds.o(i.ledsOn), (24 bytes).
    Removing leds.o(.constdata), (12 bytes).
    Removing system_mkl05z4.o(.rev16_text), (4 bytes).
    Removing system_mkl05z4.o(.revsh_text), (4 bytes).

26 unused section(s) (total 515 bytes) removed from the image.

==============================================================================

Image Symbol Table

    Local Symbols

    Symbol Name                              Value     Ov Type        Size  Object(Section)

    RESET                                    0x00000000   Section      192  startup_mkl05z4.o(RESET)
    ../clib/angel/boardlib.s                 0x00000000   Number         0  boardinit2.o ABSOLUTE
    ../clib/angel/boardlib.s                 0x00000000   Number         0  boardinit3.o ABSOLUTE
    ../clib/angel/boardlib.s                 0x00000000   Number         0  boardshut.o ABSOLUTE
    ../clib/angel/boardlib.s                 0x00000000   Number         0  boardinit1.o ABSOLUTE
    ../clib/angel/handlers.s                 0x00000000   Number         0  __scatter_copy.o ABSOLUTE
    ../clib/angel/handlers.s                 0x00000000   Number         0  __scatter_zi.o ABSOLUTE
    ../clib/angel/kernel.s                   0x00000000   Number         0  rtexit2.o ABSOLUTE
    ../clib/angel/kernel.s                   0x00000000   Number         0  __rtentry.o ABSOLUTE
    ../clib/angel/kernel.s                   0x00000000   Number         0  __rtentry4.o ABSOLUTE
    ../clib/angel/kernel.s                   0x00000000   Number         0  rtexit.o ABSOLUTE
    ../clib/angel/kernel.s                   0x00000000   Number         0  __rtentry2.o ABSOLUTE
    ../clib/angel/rt.s                       0x00000000   Number         0  rt_div0.o ABSOLUTE
    ../clib/angel/rt.s                       0x00000000   Number         0  rt_raise.o ABSOLUTE
    ../clib/angel/rt.s                       0x00000000   Number         0  aeabi_idiv0.o ABSOLUTE
    ../clib/angel/rt.s                       0x00000000   Number         0  aeabi_idiv0_sigfpe.o ABSOLUTE
    ../clib/angel/scatterp.s                 0x00000000   Number         0  __scatter.o ABSOLUTE
    ../clib/angel/startup.s                  0x00000000   Number         0  __main.o ABSOLUTE
    ../clib/angel/sys.s                      0x00000000   Number         0  use_no_semi.o ABSOLUTE
    ../clib/angel/sys.s                      0x00000000   Number         0  indicate_semi.o ABSOLUTE
    ../clib/angel/sys.s                      0x00000000   Number         0  sys_stackheap_outer.o ABSOLUTE
    ../clib/angel/sys.s                      0x00000000   Number         0  tempstk.o ABSOLUTE
    ../clib/angel/sys.s                      0x00000000   Number         0  libspace.o ABSOLUTE
    ../clib/angel/sysapp.c                   0x00000000   Number         0  sys_wrch.o ABSOLUTE
    ../clib/angel/sysapp.c                   0x00000000   Number         0  sys_command.o ABSOLUTE
    ../clib/angel/sysapp.c                   0x00000000   Number         0  sys_exit.o ABSOLUTE
    ../clib/armsys.c                         0x00000000   Number         0  argv_veneer.o ABSOLUTE
    ../clib/armsys.c                         0x00000000   Number         0  _get_argv_nomalloc.o ABSOLUTE
    ../clib/armsys.c                         0x00000000   Number         0  no_argv.o ABSOLUTE
    ../clib/division.s                       0x00000000   Number         0  aeabi_sdiv.o ABSOLUTE
    ../clib/division.s                       0x00000000   Number         0  aeabi_sdiv_div0.o ABSOLUTE
    ../clib/heapalloc.c                      0x00000000   Number         0  hrguard.o ABSOLUTE
    ../clib/heapaux.c                        0x00000000   Number         0  heapauxi.o ABSOLUTE
    ../clib/libinit.s                        0x00000000   Number         0  libinit2.o ABSOLUTE
    ../clib/libinit.s                        0x00000000   Number         0  libinit.o ABSOLUTE
    ../clib/libinit.s                        0x00000000   Number         0  libshutdown2.o ABSOLUTE
    ../clib/libinit.s                        0x00000000   Number         0  libshutdown.o ABSOLUTE
    ../clib/signal.c                         0x00000000   Number         0  defsig_fpe_outer.o ABSOLUTE
    ../clib/signal.c                         0x00000000   Number         0  defsig_general.o ABSOLUTE
    ../clib/signal.c                         0x00000000   Number         0  defsig_fpe_formal.o ABSOLUTE
    ../clib/signal.c                         0x00000000   Number         0  defsig_stak_inner.o ABSOLUTE
    ../clib/signal.c                         0x00000000   Number         0  defsig_abrt_inner.o ABSOLUTE
    ../clib/signal.c                         0x00000000   Number         0  defsig_cppl_inner.o ABSOLUTE
    ../clib/signal.c                         0x00000000   Number         0  defsig_fpe_inner.o ABSOLUTE
    ../clib/signal.c                         0x00000000   Number         0  defsig_rtmem_formal.o ABSOLUTE
    ../clib/signal.c                         0x00000000   Number         0  defsig_segv_inner.o ABSOLUTE
    ../clib/signal.c                         0x00000000   Number         0  defsig_exit.o ABSOLUTE
    ../clib/signal.c                         0x00000000   Number         0  defsig_pvfn_inner.o ABSOLUTE
    ../clib/signal.c                         0x00000000   Number         0  defsig_rtmem_outer.o ABSOLUTE
    ../clib/signal.c                         0x00000000   Number         0  defsig_other.o ABSOLUTE
    ../clib/signal.c                         0x00000000   Number         0  defsig_rtred_inner.o ABSOLUTE
    ../clib/signal.c                         0x00000000   Number         0  defsig_rtmem_inner.o ABSOLUTE
    ../clib/signal.c                         0x00000000   Number         0  __raise.o ABSOLUTE
    ../clib/signal.s                         0x00000000   Number         0  defsig.o ABSOLUTE
    ../clib/stdlib.c                         0x00000000   Number         0  exit.o ABSOLUTE
    ../fplib/cfplib/fdiv.c                   0x00000000   Number         0  fdiv.o ABSOLUTE
    ../fplib/cfplib/ffix.c                   0x00000000   Number         0  ffixui.o ABSOLUTE
    ../fplib/cfplib/fflt.c                   0x00000000   Number         0  fflti.o ABSOLUTE
    ../fplib/cfplib/fpinit.c                 0x00000000   Number         0  fpinit.o ABSOLUTE
    ../fplib/fmul6m.s                        0x00000000   Number         0  fmul.o ABSOLUTE
    ../fplib/usenofp.s                       0x00000000   Number         0  usenofp.o ABSOLUTE
    RTE\Device\MKL05Z32xxx4\startup_MKL05Z4.s 0x00000000   Number         0  startup_mkl05z4.o ABSOLUTE
    RTE\Device\MKL05Z32xxx4\system_MKL05Z4.c 0x00000000   Number         0  system_mkl05z4.o ABSOLUTE
    RTE\\Device\\MKL05Z32xxx4\\system_MKL05Z4.c 0x00000000   Number         0  system_mkl05z4.o ABSOLUTE
    TPM.c                                    0x00000000   Number         0  tpm.o ABSOLUTE
    TPM.c                                    0x00000000   Number         0  tpm.o ABSOLUTE
    acc.c                                    0x00000000   Number         0  acc.o ABSOLUTE
    acc.c                                    0x00000000   Number         0  acc.o ABSOLUTE
    dc.s                                     0x00000000   Number         0  dc.o ABSOLUTE
    extra.c                                  0x00000000   Number         0  extra.o ABSOLUTE
    extra.c                                  0x00000000   Number         0  extra.o ABSOLUTE
    i2c.c                                    0x00000000   Number         0  i2c.o ABSOLUTE
    i2c.c                                    0x00000000   Number         0  i2c.o ABSOLUTE
    leds.c                                   0x00000000   Number         0  leds.o ABSOLUTE
    leds.c                                   0x00000000   Number         0  leds.o ABSOLUTE
    main.c                                   0x00000000   Number         0  main.o ABSOLUTE
    main.c                                   0x00000000   Number         0  main.o ABSOLUTE
    uart.c                                   0x00000000   Number         0  uart.o ABSOLUTE
    uart.c                                   0x00000000   Number         0  uart.o ABSOLUTE
    !!!main                                  0x000000c0   Section        8  __main.o(!!!main)
    !!!scatter                               0x000000c8   Section       60  __scatter.o(!!!scatter)
    !!handler_copy                           0x00000104   Section       26  __scatter_copy.o(!!handler_copy)
    !!handler_zi                             0x00000120   Section       28  __scatter_zi.o(!!handler_zi)
    .ARM.Collect$$libinit$$00000000          0x0000013c   Section        2  libinit.o(.ARM.Collect$$libinit$$00000000)
    .ARM.Collect$$libinit$$00000002          0x0000013e   Section        0  libinit2.o(.ARM.Collect$$libinit$$00000002)
    .ARM.Collect$$libinit$$00000004          0x0000013e   Section        0  libinit2.o(.ARM.Collect$$libinit$$00000004)
    .ARM.Collect$$libinit$$0000000A          0x0000013e   Section        0  libinit2.o(.ARM.Collect$$libinit$$0000000A)
    .ARM.Collect$$libinit$$0000000C          0x0000013e   Section        0  libinit2.o(.ARM.Collect$$libinit$$0000000C)
    .ARM.Collect$$libinit$$0000000E          0x0000013e   Section        0  libinit2.o(.ARM.Collect$$libinit$$0000000E)
    .ARM.Collect$$libinit$$00000011          0x0000013e   Section        0  libinit2.o(.ARM.Collect$$libinit$$00000011)
    .ARM.Collect$$libinit$$00000013          0x0000013e   Section        0  libinit2.o(.ARM.Collect$$libinit$$00000013)
    .ARM.Collect$$libinit$$00000015          0x0000013e   Section        0  libinit2.o(.ARM.Collect$$libinit$$00000015)
    .ARM.Collect$$libinit$$00000017          0x0000013e   Section        0  libinit2.o(.ARM.Collect$$libinit$$00000017)
    .ARM.Collect$$libinit$$00000019          0x0000013e   Section        0  libinit2.o(.ARM.Collect$$libinit$$00000019)
    .ARM.Collect$$libinit$$0000001B          0x0000013e   Section        0  libinit2.o(.ARM.Collect$$libinit$$0000001B)
    .ARM.Collect$$libinit$$0000001D          0x0000013e   Section        0  libinit2.o(.ARM.Collect$$libinit$$0000001D)
    .ARM.Collect$$libinit$$0000001F          0x0000013e   Section        0  libinit2.o(.ARM.Collect$$libinit$$0000001F)
    .ARM.Collect$$libinit$$00000021          0x0000013e   Section        0  libinit2.o(.ARM.Collect$$libinit$$00000021)
    .ARM.Collect$$libinit$$00000023          0x0000013e   Section        0  libinit2.o(.ARM.Collect$$libinit$$00000023)
    .ARM.Collect$$libinit$$00000025          0x0000013e   Section        0  libinit2.o(.ARM.Collect$$libinit$$00000025)
    .ARM.Collect$$libinit$$0000002C          0x0000013e   Section        0  libinit2.o(.ARM.Collect$$libinit$$0000002C)
    .ARM.Collect$$libinit$$0000002E          0x0000013e   Section        0  libinit2.o(.ARM.Collect$$libinit$$0000002E)
    .ARM.Collect$$libinit$$00000030          0x0000013e   Section        0  libinit2.o(.ARM.Collect$$libinit$$00000030)
    .ARM.Collect$$libinit$$00000032          0x0000013e   Section        0  libinit2.o(.ARM.Collect$$libinit$$00000032)
    .ARM.Collect$$libinit$$00000033          0x0000013e   Section        2  libinit2.o(.ARM.Collect$$libinit$$00000033)
    .ARM.Collect$$libshutdown$$00000000      0x00000140   Section        2  libshutdown.o(.ARM.Collect$$libshutdown$$00000000)
    .ARM.Collect$$libshutdown$$00000002      0x00000142   Section        0  libshutdown2.o(.ARM.Collect$$libshutdown$$00000002)
    .ARM.Collect$$libshutdown$$00000004      0x00000142   Section        0  libshutdown2.o(.ARM.Collect$$libshutdown$$00000004)
    .ARM.Collect$$libshutdown$$00000007      0x00000142   Section        0  libshutdown2.o(.ARM.Collect$$libshutdown$$00000007)
    .ARM.Collect$$libshutdown$$0000000A      0x00000142   Section        0  libshutdown2.o(.ARM.Collect$$libshutdown$$0000000A)
    .ARM.Collect$$libshutdown$$0000000C      0x00000142   Section        0  libshutdown2.o(.ARM.Collect$$libshutdown$$0000000C)
    .ARM.Collect$$libshutdown$$0000000F      0x00000142   Section        0  libshutdown2.o(.ARM.Collect$$libshutdown$$0000000F)
    .ARM.Collect$$libshutdown$$00000010      0x00000142   Section        2  libshutdown2.o(.ARM.Collect$$libshutdown$$00000010)
    .ARM.Collect$$rtentry$$00000000          0x00000144   Section        0  __rtentry.o(.ARM.Collect$$rtentry$$00000000)
    .ARM.Collect$$rtentry$$00000002          0x00000144   Section        0  __rtentry2.o(.ARM.Collect$$rtentry$$00000002)
    .ARM.Collect$$rtentry$$00000004          0x00000144   Section        6  __rtentry4.o(.ARM.Collect$$rtentry$$00000004)
    .ARM.Collect$$rtentry$$00000009          0x0000014a   Section        0  __rtentry2.o(.ARM.Collect$$rtentry$$00000009)
    .ARM.Collect$$rtentry$$0000000A          0x0000014a   Section        4  __rtentry2.o(.ARM.Collect$$rtentry$$0000000A)
    .ARM.Collect$$rtentry$$0000000C          0x0000014e   Section        0  __rtentry2.o(.ARM.Collect$$rtentry$$0000000C)
    .ARM.Collect$$rtentry$$0000000D          0x0000014e   Section        8  __rtentry2.o(.ARM.Collect$$rtentry$$0000000D)
    .ARM.Collect$$rtexit$$00000000           0x00000156   Section        2  rtexit.o(.ARM.Collect$$rtexit$$00000000)
    .ARM.Collect$$rtexit$$00000002           0x00000158   Section        0  rtexit2.o(.ARM.Collect$$rtexit$$00000002)
    .ARM.Collect$$rtexit$$00000003           0x00000158   Section        4  rtexit2.o(.ARM.Collect$$rtexit$$00000003)
    .ARM.Collect$$rtexit$$00000004           0x0000015c   Section        6  rtexit2.o(.ARM.Collect$$rtexit$$00000004)
    .text                                    0x00000164   Section       52  startup_mkl05z4.o(.text)
    .text                                    0x00000198   Section      346  aeabi_sdiv.o(.text)
    .text                                    0x000002f2   Section        0  heapauxi.o(.text)
    .text                                    0x000002f8   Section        0  ffixui.o(.text)
    .text                                    0x00000328   Section        0  fflti.o(.text)
    .text                                    0x00000386   Section       62  sys_stackheap_outer.o(.text)
    .text                                    0x000003c4   Section        0  exit.o(.text)
    .text                                    0x000003d4   Section        8  libspace.o(.text)
    .text                                    0x000003dc   Section        0  sys_exit.o(.text)
    .text                                    0x000003e8   Section        2  use_no_semi.o(.text)
    .text                                    0x000003ea   Section        0  indicate_semi.o(.text)
    i.NVIC_ClearPendingIRQ                   0x000003ec   Section        0  uart.o(i.NVIC_ClearPendingIRQ)
    NVIC_ClearPendingIRQ                     0x000003ed   Thumb Code    14  uart.o(i.NVIC_ClearPendingIRQ)
    .ARM.__at_0x400                          0x00000400   Section       16  startup_mkl05z4.o(.ARM.__at_0x400)
    .text                                    0x00000410   Section        0  fdiv.o(.text)
    i.NVIC_SetPriority                       0x00000570   Section        0  i2c.o(i.NVIC_SetPriority)
    NVIC_SetPriority                         0x00000571   Thumb Code   110  i2c.o(i.NVIC_SetPriority)
    i.NVIC_SetPriority                       0x000005e8   Section        0  uart.o(i.NVIC_SetPriority)
    NVIC_SetPriority                         0x000005e9   Thumb Code   110  uart.o(i.NVIC_SetPriority)
    i.PORTA_IRQHandler                       0x00000660   Section        0  i2c.o(i.PORTA_IRQHandler)
    i.SystemCoreClockUpdate                  0x00000730   Section        0  system_mkl05z4.o(i.SystemCoreClockUpdate)
    i.SystemInit                             0x00000848   Section        0  system_mkl05z4.o(i.SystemInit)
    i.TPM0_IRQHandler                        0x000008d4   Section        0  tpm.o(i.TPM0_IRQHandler)
    i.UART0_IRQHandler                       0x000008f4   Section        0  uart.o(i.UART0_IRQHandler)
    i.__ARM_common_switch8                   0x00000958   Section        0  system_mkl05z4.o(i.__ARM_common_switch8)
    i.delay_mc                               0x00000974   Section        0  extra.o(i.delay_mc)
    i.dequeue                                0x00000990   Section        0  uart.o(i.dequeue)
    i.enqueue                                0x000009c4   Section        0  uart.o(i.enqueue)
    i.i2c_init                               0x00000a18   Section        0  i2c.o(i.i2c_init)
    i.i2c_read_byte                          0x00000ac8   Section        0  i2c.o(i.i2c_read_byte)
    i.i2c_write_byte                         0x00000b9c   Section        0  i2c.o(i.i2c_write_byte)
    i.init_RXTX_buffers                      0x00000c1c   Section        0  uart.o(i.init_RXTX_buffers)
    i.init_buffer                            0x00000c34   Section        0  uart.o(i.init_buffer)
    i.init_mma                               0x00000c42   Section        0  acc.o(i.init_mma)
    i.ledRedOn                               0x00000ce0   Section        0  leds.o(i.ledRedOn)
    i.ledsInitialize                         0x00000cf8   Section        0  leds.o(i.ledsInitialize)
    i.ledsOff                                0x00000d54   Section        0  leds.o(i.ledsOff)
    i.main                                   0x00000d6c   Section        0  main.o(i.main)
    i.q_empty                                0x00000d84   Section        0  uart.o(i.q_empty)
    i.q_full                                 0x00000d96   Section        0  uart.o(i.q_full)
    i.send_char                              0x00000da8   Section        0  uart.o(i.send_char)
    i.tpmInitialize                          0x00000dc0   Section        0  tpm.o(i.tpmInitialize)
    i.uartInitialize                         0x00000e70   Section        0  uart.o(i.uartInitialize)
    x$fpl$fmul                               0x00000f34   Section      176  fmul.o(x$fpl$fmul)
    .constdata                               0x00000fe4   Section       64  fdiv.o(.constdata)
    x$fpl$usenofp                            0x00000fe4   Section        0  usenofp.o(x$fpl$usenofp)
    fdiv_tab                                 0x00000fe4   Data          64  fdiv.o(.constdata)
    .data                                    0x1ffffc00   Section       10  i2c.o(.data)
    .data                                    0x1ffffc0a   Section        2  tpm.o(.data)
    .data                                    0x1ffffc0c   Section        4  system_mkl05z4.o(.data)
    .bss                                     0x1ffffc10   Section      134  uart.o(.bss)
    .bss                                     0x1ffffc98   Section       96  libspace.o(.bss)
    HEAP                                     0x1ffffcf8   Section        0  startup_mkl05z4.o(HEAP)
    STACK                                    0x1ffffcf8   Section      256  startup_mkl05z4.o(STACK)
    Heap_Mem                                 0x1ffffcf8   Data           0  startup_mkl05z4.o(HEAP)
    Stack_Mem                                0x1ffffcf8   Data         256  startup_mkl05z4.o(STACK)
    __initial_sp                             0x1ffffdf8   Data           0  startup_mkl05z4.o(STACK)

    Global Symbols

    Symbol Name                              Value     Ov Type        Size  Object(Section)

    BuildAttributes$$THM_ISAv3M$S$PE$A:L22$X:L11$S22$IEEE1$IW$USESV6$~STKCKD$USESV7$~SHL$OSPACE$ROPI$EBA8$UX$STANDARDLIB$REQ8$PRES8$EABIv2 0x00000000   Number         0  anon$$obj.o ABSOLUTE
    __ARM_use_no_argv                        0x00000000   Number         0  main.o ABSOLUTE
    __Vectors                                0x00000000   Data           4  startup_mkl05z4.o(RESET)
    __ARM_exceptions_init                     - Undefined Weak Reference
    __alloca_initialize                       - Undefined Weak Reference
    __arm_preinit_                            - Undefined Weak Reference
    __cpp_initialize__aeabi_                  - Undefined Weak Reference
    __cxa_finalize                            - Undefined Weak Reference
    __rt_locale                               - Undefined Weak Reference
    __sigvec_lookup                           - Undefined Weak Reference
    _atexit_init                              - Undefined Weak Reference
    _call_atexit_fns                          - Undefined Weak Reference
    _clock_init                               - Undefined Weak Reference
    _fp_trap_init                             - Undefined Weak Reference
    _fp_trap_shutdown                         - Undefined Weak Reference
    _get_lc_collate                           - Undefined Weak Reference
    _get_lc_ctype                             - Undefined Weak Reference
    _get_lc_monetary                          - Undefined Weak Reference
    _get_lc_numeric                           - Undefined Weak Reference
    _get_lc_time                              - Undefined Weak Reference
    _getenv_init                              - Undefined Weak Reference
    _handle_redirection                       - Undefined Weak Reference
    _init_alloc                               - Undefined Weak Reference
    _init_user_alloc                          - Undefined Weak Reference
    _initio                                   - Undefined Weak Reference
    _rand_init                                - Undefined Weak Reference
    _signal_finish                            - Undefined Weak Reference
    _signal_init                              - Undefined Weak Reference
    _terminate_alloc                          - Undefined Weak Reference
    _terminate_user_alloc                     - Undefined Weak Reference
    _terminateio                              - Undefined Weak Reference
    __Vectors_End                            0x000000c0   Data           0  startup_mkl05z4.o(RESET)
    __Vectors_Size                           0x000000c0   Number         0  startup_mkl05z4.o ABSOLUTE
    __main                                   0x000000c1   Thumb Code     8  __main.o(!!!main)
    __scatterload                            0x000000c9   Thumb Code     0  __scatter.o(!!!scatter)
    __scatterload_rt2                        0x000000c9   Thumb Code    52  __scatter.o(!!!scatter)
    __scatterload_rt2_thumb_only             0x000000c9   Thumb Code     0  __scatter.o(!!!scatter)
    __scatterload_null                       0x000000d9   Thumb Code     0  __scatter.o(!!!scatter)
    __scatterload_copy                       0x00000105   Thumb Code    26  __scatter_copy.o(!!handler_copy)
    __scatterload_zeroinit                   0x00000121   Thumb Code    28  __scatter_zi.o(!!handler_zi)
    __rt_lib_init                            0x0000013d   Thumb Code     0  libinit.o(.ARM.Collect$$libinit$$00000000)
    __rt_lib_init_alloca_1                   0x0000013f   Thumb Code     0  libinit2.o(.ARM.Collect$$libinit$$0000002E)
    __rt_lib_init_argv_1                     0x0000013f   Thumb Code     0  libinit2.o(.ARM.Collect$$libinit$$0000002C)
    __rt_lib_init_atexit_1                   0x0000013f   Thumb Code     0  libinit2.o(.ARM.Collect$$libinit$$0000001B)
    __rt_lib_init_clock_1                    0x0000013f   Thumb Code     0  libinit2.o(.ARM.Collect$$libinit$$00000021)
    __rt_lib_init_cpp_1                      0x0000013f   Thumb Code     0  libinit2.o(.ARM.Collect$$libinit$$00000032)
    __rt_lib_init_exceptions_1               0x0000013f   Thumb Code     0  libinit2.o(.ARM.Collect$$libinit$$00000030)
    __rt_lib_init_fp_1                       0x0000013f   Thumb Code     0  libinit2.o(.ARM.Collect$$libinit$$00000002)
    __rt_lib_init_fp_trap_1                  0x0000013f   Thumb Code     0  libinit2.o(.ARM.Collect$$libinit$$0000001F)
    __rt_lib_init_getenv_1                   0x0000013f   Thumb Code     0  libinit2.o(.ARM.Collect$$libinit$$00000023)
    __rt_lib_init_heap_1                     0x0000013f   Thumb Code     0  libinit2.o(.ARM.Collect$$libinit$$0000000A)
    __rt_lib_init_lc_collate_1               0x0000013f   Thumb Code     0  libinit2.o(.ARM.Collect$$libinit$$00000011)
    __rt_lib_init_lc_ctype_1                 0x0000013f   Thumb Code     0  libinit2.o(.ARM.Collect$$libinit$$00000013)
    __rt_lib_init_lc_monetary_1              0x0000013f   Thumb Code     0  libinit2.o(.ARM.Collect$$libinit$$00000015)
    __rt_lib_init_lc_numeric_1               0x0000013f   Thumb Code     0  libinit2.o(.ARM.Collect$$libinit$$00000017)
    __rt_lib_init_lc_time_1                  0x0000013f   Thumb Code     0  libinit2.o(.ARM.Collect$$libinit$$00000019)
    __rt_lib_init_preinit_1                  0x0000013f   Thumb Code     0  libinit2.o(.ARM.Collect$$libinit$$00000004)
    __rt_lib_init_rand_1                     0x0000013f   Thumb Code     0  libinit2.o(.ARM.Collect$$libinit$$0000000E)
    __rt_lib_init_return                     0x0000013f   Thumb Code     0  libinit2.o(.ARM.Collect$$libinit$$00000033)
    __rt_lib_init_signal_1                   0x0000013f   Thumb Code     0  libinit2.o(.ARM.Collect$$libinit$$0000001D)
    __rt_lib_init_stdio_1                    0x0000013f   Thumb Code     0  libinit2.o(.ARM.Collect$$libinit$$00000025)
    __rt_lib_init_user_alloc_1               0x0000013f   Thumb Code     0  libinit2.o(.ARM.Collect$$libinit$$0000000C)
    __rt_lib_shutdown                        0x00000141   Thumb Code     0  libshutdown.o(.ARM.Collect$$libshutdown$$00000000)
    __rt_lib_shutdown_cpp_1                  0x00000143   Thumb Code     0  libshutdown2.o(.ARM.Collect$$libshutdown$$00000002)
    __rt_lib_shutdown_fp_trap_1              0x00000143   Thumb Code     0  libshutdown2.o(.ARM.Collect$$libshutdown$$00000007)
    __rt_lib_shutdown_heap_1                 0x00000143   Thumb Code     0  libshutdown2.o(.ARM.Collect$$libshutdown$$0000000F)
    __rt_lib_shutdown_return                 0x00000143   Thumb Code     0  libshutdown2.o(.ARM.Collect$$libshutdown$$00000010)
    __rt_lib_shutdown_signal_1               0x00000143   Thumb Code     0  libshutdown2.o(.ARM.Collect$$libshutdown$$0000000A)
    __rt_lib_shutdown_stdio_1                0x00000143   Thumb Code     0  libshutdown2.o(.ARM.Collect$$libshutdown$$00000004)
    __rt_lib_shutdown_user_alloc_1           0x00000143   Thumb Code     0  libshutdown2.o(.ARM.Collect$$libshutdown$$0000000C)
    __rt_entry                               0x00000145   Thumb Code     0  __rtentry.o(.ARM.Collect$$rtentry$$00000000)
    __rt_entry_presh_1                       0x00000145   Thumb Code     0  __rtentry2.o(.ARM.Collect$$rtentry$$00000002)
    __rt_entry_sh                            0x00000145   Thumb Code     0  __rtentry4.o(.ARM.Collect$$rtentry$$00000004)
    __rt_entry_li                            0x0000014b   Thumb Code     0  __rtentry2.o(.ARM.Collect$$rtentry$$0000000A)
    __rt_entry_postsh_1                      0x0000014b   Thumb Code     0  __rtentry2.o(.ARM.Collect$$rtentry$$00000009)
    __rt_entry_main                          0x0000014f   Thumb Code     0  __rtentry2.o(.ARM.Collect$$rtentry$$0000000D)
    __rt_entry_postli_1                      0x0000014f   Thumb Code     0  __rtentry2.o(.ARM.Collect$$rtentry$$0000000C)
    __rt_exit                                0x00000157   Thumb Code     0  rtexit.o(.ARM.Collect$$rtexit$$00000000)
    __rt_exit_ls                             0x00000159   Thumb Code     0  rtexit2.o(.ARM.Collect$$rtexit$$00000003)
    __rt_exit_prels_1                        0x00000159   Thumb Code     0  rtexit2.o(.ARM.Collect$$rtexit$$00000002)
    __rt_exit_exit                           0x0000015d   Thumb Code     0  rtexit2.o(.ARM.Collect$$rtexit$$00000004)
    Reset_Handler                            0x00000165   Thumb Code     8  startup_mkl05z4.o(.text)
    NMI_Handler                              0x0000016d   Thumb Code     2  startup_mkl05z4.o(.text)
    HardFault_Handler                        0x0000016f   Thumb Code     2  startup_mkl05z4.o(.text)
    SVC_Handler                              0x00000171   Thumb Code     2  startup_mkl05z4.o(.text)
    PendSV_Handler                           0x00000173   Thumb Code     2  startup_mkl05z4.o(.text)
    SysTick_Handler                          0x00000175   Thumb Code     2  startup_mkl05z4.o(.text)
    ADC0_IRQHandler                          0x00000177   Thumb Code     0  startup_mkl05z4.o(.text)
    CMP0_IRQHandler                          0x00000177   Thumb Code     0  startup_mkl05z4.o(.text)
    DAC0_IRQHandler                          0x00000177   Thumb Code     0  startup_mkl05z4.o(.text)
    DMA0_IRQHandler                          0x00000177   Thumb Code     0  startup_mkl05z4.o(.text)
    DMA1_IRQHandler                          0x00000177   Thumb Code     0  startup_mkl05z4.o(.text)
    DMA2_IRQHandler                          0x00000177   Thumb Code     0  startup_mkl05z4.o(.text)
    DMA3_IRQHandler                          0x00000177   Thumb Code     0  startup_mkl05z4.o(.text)
    DefaultISR                               0x00000177   Thumb Code     0  startup_mkl05z4.o(.text)
    FTFA_IRQHandler                          0x00000177   Thumb Code     0  startup_mkl05z4.o(.text)
    I2C0_IRQHandler                          0x00000177   Thumb Code     0  startup_mkl05z4.o(.text)
    LLW_IRQHandler                           0x00000177   Thumb Code     0  startup_mkl05z4.o(.text)
    LPTimer_IRQHandler                       0x00000177   Thumb Code     0  startup_mkl05z4.o(.text)
    LVD_LVW_IRQHandler                       0x00000177   Thumb Code     0  startup_mkl05z4.o(.text)
    MCG_IRQHandler                           0x00000177   Thumb Code     0  startup_mkl05z4.o(.text)
    PIT_IRQHandler                           0x00000177   Thumb Code     0  startup_mkl05z4.o(.text)
    PORTB_IRQHandler                         0x00000177   Thumb Code     0  startup_mkl05z4.o(.text)
    RTC_IRQHandler                           0x00000177   Thumb Code     0  startup_mkl05z4.o(.text)
    RTC_Seconds_IRQHandler                   0x00000177   Thumb Code     0  startup_mkl05z4.o(.text)
    Reserved20_IRQHandler                    0x00000177   Thumb Code     0  startup_mkl05z4.o(.text)
    Reserved25_IRQHandler                    0x00000177   Thumb Code     0  startup_mkl05z4.o(.text)
    Reserved27_IRQHandler                    0x00000177   Thumb Code     0  startup_mkl05z4.o(.text)
    Reserved29_IRQHandler                    0x00000177   Thumb Code     0  startup_mkl05z4.o(.text)
    Reserved30_IRQHandler                    0x00000177   Thumb Code     0  startup_mkl05z4.o(.text)
    Reserved35_IRQHandler                    0x00000177   Thumb Code     0  startup_mkl05z4.o(.text)
    Reserved39_IRQHandler                    0x00000177   Thumb Code     0  startup_mkl05z4.o(.text)
    Reserved40_IRQHandler                    0x00000177   Thumb Code     0  startup_mkl05z4.o(.text)
    Reserved45_IRQHandler                    0x00000177   Thumb Code     0  startup_mkl05z4.o(.text)
    SPI0_IRQHandler                          0x00000177   Thumb Code     0  startup_mkl05z4.o(.text)
    TPM1_IRQHandler                          0x00000177   Thumb Code     0  startup_mkl05z4.o(.text)
    TSI0_IRQHandler                          0x00000177   Thumb Code     0  startup_mkl05z4.o(.text)
    __user_initial_stackheap                 0x00000179   Thumb Code     0  startup_mkl05z4.o(.text)
    __aeabi_uidiv                            0x00000199   Thumb Code     0  aeabi_sdiv.o(.text)
    __aeabi_uidivmod                         0x00000199   Thumb Code    20  aeabi_sdiv.o(.text)
    __aeabi_idiv                             0x000001ad   Thumb Code     0  aeabi_sdiv.o(.text)
    __aeabi_idivmod                          0x000001ad   Thumb Code   326  aeabi_sdiv.o(.text)
    __use_two_region_memory                  0x000002f3   Thumb Code     2  heapauxi.o(.text)
    __rt_heap_escrow$2region                 0x000002f5   Thumb Code     2  heapauxi.o(.text)
    __rt_heap_expand$2region                 0x000002f7   Thumb Code     2  heapauxi.o(.text)
    __aeabi_f2uiz                            0x000002f9   Thumb Code     0  ffixui.o(.text)
    _ffixu                                   0x000002f9   Thumb Code    48  ffixui.o(.text)
    __aeabi_i2f_normalise                    0x00000329   Thumb Code    72  fflti.o(.text)
    __aeabi_i2f                              0x00000371   Thumb Code    16  fflti.o(.text)
    _fflt                                    0x00000371   Thumb Code     0  fflti.o(.text)
    __aeabi_ui2f                             0x00000381   Thumb Code     6  fflti.o(.text)
    _ffltu                                   0x00000381   Thumb Code     0  fflti.o(.text)
    __user_setup_stackheap                   0x00000387   Thumb Code    62  sys_stackheap_outer.o(.text)
    exit                                     0x000003c5   Thumb Code    16  exit.o(.text)
    __user_libspace                          0x000003d5   Thumb Code     8  libspace.o(.text)
    __user_perproc_libspace                  0x000003d5   Thumb Code     0  libspace.o(.text)
    __user_perthread_libspace                0x000003d5   Thumb Code     0  libspace.o(.text)
    _sys_exit                                0x000003dd   Thumb Code     8  sys_exit.o(.text)
    __I$use$semihosting                      0x000003e9   Thumb Code     0  use_no_semi.o(.text)
    __use_no_semihosting_swi                 0x000003e9   Thumb Code     2  use_no_semi.o(.text)
    __semihosting_library_function           0x000003eb   Thumb Code     0  indicate_semi.o(.text)
    __aeabi_fdiv                             0x00000411   Thumb Code     0  fdiv.o(.text)
    _fdiv                                    0x00000411   Thumb Code   334  fdiv.o(.text)
    _frdiv                                   0x0000055f   Thumb Code     8  fdiv.o(.text)
    PORTA_IRQHandler                         0x00000661   Thumb Code   166  i2c.o(i.PORTA_IRQHandler)
    SystemCoreClockUpdate                    0x00000731   Thumb Code   254  system_mkl05z4.o(i.SystemCoreClockUpdate)
    SystemInit                               0x00000849   Thumb Code   116  system_mkl05z4.o(i.SystemInit)
    TPM0_IRQHandler                          0x000008d5   Thumb Code    24  tpm.o(i.TPM0_IRQHandler)
    UART0_IRQHandler                         0x000008f5   Thumb Code    86  uart.o(i.UART0_IRQHandler)
    __ARM_common_switch8                     0x00000959   Thumb Code    28  system_mkl05z4.o(i.__ARM_common_switch8)
    delay_mc                                 0x00000975   Thumb Code    24  extra.o(i.delay_mc)
    dequeue                                  0x00000991   Thumb Code    52  uart.o(i.dequeue)
    enqueue                                  0x000009c5   Thumb Code    78  uart.o(i.enqueue)
    i2c_init                                 0x00000a19   Thumb Code   152  i2c.o(i.i2c_init)
    i2c_read_byte                            0x00000ac9   Thumb Code   206  i2c.o(i.i2c_read_byte)
    i2c_write_byte                           0x00000b9d   Thumb Code   124  i2c.o(i.i2c_write_byte)
    init_RXTX_buffers                        0x00000c1d   Thumb Code    16  uart.o(i.init_RXTX_buffers)
    init_buffer                              0x00000c35   Thumb Code    14  uart.o(i.init_buffer)
    init_mma                                 0x00000c43   Thumb Code   156  acc.o(i.init_mma)
    ledRedOn                                 0x00000ce1   Thumb Code    18  leds.o(i.ledRedOn)
    ledsInitialize                           0x00000cf9   Thumb Code    80  leds.o(i.ledsInitialize)
    ledsOff                                  0x00000d55   Thumb Code    18  leds.o(i.ledsOff)
    main                                     0x00000d6d   Thumb Code    24  main.o(i.main)
    q_empty                                  0x00000d85   Thumb Code    18  uart.o(i.q_empty)
    q_full                                   0x00000d97   Thumb Code    18  uart.o(i.q_full)
    send_char                                0x00000da9   Thumb Code    20  uart.o(i.send_char)
    tpmInitialize                            0x00000dc1   Thumb Code   150  tpm.o(i.tpmInitialize)
    uartInitialize                           0x00000e71   Thumb Code   180  uart.o(i.uartInitialize)
    __aeabi_fmul                             0x00000f35   Thumb Code     0  fmul.o(x$fpl$fmul)
    _fmul                                    0x00000f35   Thumb Code   172  fmul.o(x$fpl$fmul)
    __I$use$fp                               0x00000fe4   Number         0  usenofp.o(x$fpl$usenofp)
    Region$$Table$$Base                      0x00001024   Number         0  anon$$obj.o(Region$$Table)
    Region$$Table$$Limit                     0x00001044   Number         0  anon$$obj.o(Region$$Table)
    ff                                       0x1ffffc00   Data           1  i2c.o(.data)
    h                                        0x1ffffc01   Data           1  i2c.o(.data)
    l                                        0x1ffffc02   Data           1  i2c.o(.data)
    s                                        0x1ffffc04   Data           4  i2c.o(.data)
    s2                                       0x1ffffc08   Data           2  i2c.o(.data)
    n                                        0x1ffffc0a   Data           2  tpm.o(.data)
    SystemCoreClock                          0x1ffffc0c   Data           4  system_mkl05z4.o(.data)
    Q_TX                                     0x1ffffc10   Data          67  uart.o(.bss)
    Q_RX                                     0x1ffffc53   Data          67  uart.o(.bss)
    __libspace_start                         0x1ffffc98   Data          96  libspace.o(.bss)
    __temporary_stack_top$libspace           0x1ffffcf8   Data           0  libspace.o(.bss)



==============================================================================

Memory Map of the image

  Image Entry point : 0x00000165

  Load Region LR_1 (Base: 0x00000000, Size: 0x00001054, Max: 0xffffffff, ABSOLUTE)

    Execution Region ER_RO (Exec base: 0x00000000, Load base: 0x00000000, Size: 0x00001044, Max: 0xffffffff, ABSOLUTE)

    Exec Addr    Load Addr    Size         Type   Attr      Idx    E Section Name        Object

    0x00000000   0x00000000   0x000000c0   Data   RO          353    RESET               startup_mkl05z4.o
    0x000000c0   0x000000c0   0x00000008   Code   RO          403  * !!!main             c_p.l(__main.o)
    0x000000c8   0x000000c8   0x0000003c   Code   RO          582    !!!scatter          c_p.l(__scatter.o)
    0x00000104   0x00000104   0x0000001a   Code   RO          584    !!handler_copy      c_p.l(__scatter_copy.o)
    0x0000011e   0x0000011e   0x00000002   PAD
    0x00000120   0x00000120   0x0000001c   Code   RO          586    !!handler_zi        c_p.l(__scatter_zi.o)
    0x0000013c   0x0000013c   0x00000002   Code   RO          451    .ARM.Collect$$libinit$$00000000  c_p.l(libinit.o)
    0x0000013e   0x0000013e   0x00000000   Code   RO          465    .ARM.Collect$$libinit$$00000002  c_p.l(libinit2.o)
    0x0000013e   0x0000013e   0x00000000   Code   RO          467    .ARM.Collect$$libinit$$00000004  c_p.l(libinit2.o)
    0x0000013e   0x0000013e   0x00000000   Code   RO          470    .ARM.Collect$$libinit$$0000000A  c_p.l(libinit2.o)
    0x0000013e   0x0000013e   0x00000000   Code   RO          472    .ARM.Collect$$libinit$$0000000C  c_p.l(libinit2.o)
    0x0000013e   0x0000013e   0x00000000   Code   RO          474    .ARM.Collect$$libinit$$0000000E  c_p.l(libinit2.o)
    0x0000013e   0x0000013e   0x00000000   Code   RO          477    .ARM.Collect$$libinit$$00000011  c_p.l(libinit2.o)
    0x0000013e   0x0000013e   0x00000000   Code   RO          479    .ARM.Collect$$libinit$$00000013  c_p.l(libinit2.o)
    0x0000013e   0x0000013e   0x00000000   Code   RO          481    .ARM.Collect$$libinit$$00000015  c_p.l(libinit2.o)
    0x0000013e   0x0000013e   0x00000000   Code   RO          483    .ARM.Collect$$libinit$$00000017  c_p.l(libinit2.o)
    0x0000013e   0x0000013e   0x00000000   Code   RO          485    .ARM.Collect$$libinit$$00000019  c_p.l(libinit2.o)
    0x0000013e   0x0000013e   0x00000000   Code   RO          487    .ARM.Collect$$libinit$$0000001B  c_p.l(libinit2.o)
    0x0000013e   0x0000013e   0x00000000   Code   RO          489    .ARM.Collect$$libinit$$0000001D  c_p.l(libinit2.o)
    0x0000013e   0x0000013e   0x00000000   Code   RO          491    .ARM.Collect$$libinit$$0000001F  c_p.l(libinit2.o)
    0x0000013e   0x0000013e   0x00000000   Code   RO          493    .ARM.Collect$$libinit$$00000021  c_p.l(libinit2.o)
    0x0000013e   0x0000013e   0x00000000   Code   RO          495    .ARM.Collect$$libinit$$00000023  c_p.l(libinit2.o)
    0x0000013e   0x0000013e   0x00000000   Code   RO          497    .ARM.Collect$$libinit$$00000025  c_p.l(libinit2.o)
    0x0000013e   0x0000013e   0x00000000   Code   RO          501    .ARM.Collect$$libinit$$0000002C  c_p.l(libinit2.o)
    0x0000013e   0x0000013e   0x00000000   Code   RO          503    .ARM.Collect$$libinit$$0000002E  c_p.l(libinit2.o)
    0x0000013e   0x0000013e   0x00000000   Code   RO          505    .ARM.Collect$$libinit$$00000030  c_p.l(libinit2.o)
    0x0000013e   0x0000013e   0x00000000   Code   RO          507    .ARM.Collect$$libinit$$00000032  c_p.l(libinit2.o)
    0x0000013e   0x0000013e   0x00000002   Code   RO          508    .ARM.Collect$$libinit$$00000033  c_p.l(libinit2.o)
    0x00000140   0x00000140   0x00000002   Code   RO          539    .ARM.Collect$$libshutdown$$00000000  c_p.l(libshutdown.o)
    0x00000142   0x00000142   0x00000000   Code   RO          565    .ARM.Collect$$libshutdown$$00000002  c_p.l(libshutdown2.o)
    0x00000142   0x00000142   0x00000000   Code   RO          567    .ARM.Collect$$libshutdown$$00000004  c_p.l(libshutdown2.o)
    0x00000142   0x00000142   0x00000000   Code   RO          570    .ARM.Collect$$libshutdown$$00000007  c_p.l(libshutdown2.o)
    0x00000142   0x00000142   0x00000000   Code   RO          573    .ARM.Collect$$libshutdown$$0000000A  c_p.l(libshutdown2.o)
    0x00000142   0x00000142   0x00000000   Code   RO          575    .ARM.Collect$$libshutdown$$0000000C  c_p.l(libshutdown2.o)
    0x00000142   0x00000142   0x00000000   Code   RO          578    .ARM.Collect$$libshutdown$$0000000F  c_p.l(libshutdown2.o)
    0x00000142   0x00000142   0x00000002   Code   RO          579    .ARM.Collect$$libshutdown$$00000010  c_p.l(libshutdown2.o)
    0x00000144   0x00000144   0x00000000   Code   RO          414    .ARM.Collect$$rtentry$$00000000  c_p.l(__rtentry.o)
    0x00000144   0x00000144   0x00000000   Code   RO          421    .ARM.Collect$$rtentry$$00000002  c_p.l(__rtentry2.o)
    0x00000144   0x00000144   0x00000006   Code   RO          433    .ARM.Collect$$rtentry$$00000004  c_p.l(__rtentry4.o)
    0x0000014a   0x0000014a   0x00000000   Code   RO          423    .ARM.Collect$$rtentry$$00000009  c_p.l(__rtentry2.o)
    0x0000014a   0x0000014a   0x00000004   Code   RO          424    .ARM.Collect$$rtentry$$0000000A  c_p.l(__rtentry2.o)
    0x0000014e   0x0000014e   0x00000000   Code   RO          426    .ARM.Collect$$rtentry$$0000000C  c_p.l(__rtentry2.o)
    0x0000014e   0x0000014e   0x00000008   Code   RO          427    .ARM.Collect$$rtentry$$0000000D  c_p.l(__rtentry2.o)
    0x00000156   0x00000156   0x00000002   Code   RO          456    .ARM.Collect$$rtexit$$00000000  c_p.l(rtexit.o)
    0x00000158   0x00000158   0x00000000   Code   RO          512    .ARM.Collect$$rtexit$$00000002  c_p.l(rtexit2.o)
    0x00000158   0x00000158   0x00000004   Code   RO          513    .ARM.Collect$$rtexit$$00000003  c_p.l(rtexit2.o)
    0x0000015c   0x0000015c   0x00000006   Code   RO          514    .ARM.Collect$$rtexit$$00000004  c_p.l(rtexit2.o)
    0x00000162   0x00000162   0x00000002   PAD
    0x00000164   0x00000164   0x00000034   Code   RO          355  * .text               startup_mkl05z4.o
    0x00000198   0x00000198   0x0000015a   Code   RO          397    .text               c_p.l(aeabi_sdiv.o)
    0x000002f2   0x000002f2   0x00000006   Code   RO          401    .text               c_p.l(heapauxi.o)
    0x000002f8   0x000002f8   0x00000030   Code   RO          408    .text               fz_ps.l(ffixui.o)
    0x00000328   0x00000328   0x0000005e   Code   RO          410    .text               fz_ps.l(fflti.o)
    0x00000386   0x00000386   0x0000003e   Code   RO          437    .text               c_p.l(sys_stackheap_outer.o)
    0x000003c4   0x000003c4   0x00000010   Code   RO          440    .text               c_p.l(exit.o)
    0x000003d4   0x000003d4   0x00000008   Code   RO          452    .text               c_p.l(libspace.o)
    0x000003dc   0x000003dc   0x0000000c   Code   RO          509    .text               c_p.l(sys_exit.o)
    0x000003e8   0x000003e8   0x00000002   Code   RO          528    .text               c_p.l(use_no_semi.o)
    0x000003ea   0x000003ea   0x00000000   Code   RO          530    .text               c_p.l(indicate_semi.o)
    0x000003ea   0x000003ea   0x00000002   PAD
    0x000003ec   0x000003ec   0x00000014   Code   RO          126    i.NVIC_ClearPendingIRQ  uart.o
    0x00000400   0x00000400   0x00000010   Code   RO          354    .ARM.__at_0x400     startup_mkl05z4.o
    0x00000410   0x00000410   0x00000160   Code   RO          405    .text               fz_ps.l(fdiv.o)
    0x00000570   0x00000570   0x00000078   Code   RO           64    i.NVIC_SetPriority  i2c.o
    0x000005e8   0x000005e8   0x00000078   Code   RO          127    i.NVIC_SetPriority  uart.o
    0x00000660   0x00000660   0x000000d0   Code   RO           65    i.PORTA_IRQHandler  i2c.o
    0x00000730   0x00000730   0x00000118   Code   RO          363    i.SystemCoreClockUpdate  system_mkl05z4.o
    0x00000848   0x00000848   0x0000008c   Code   RO          364    i.SystemInit        system_mkl05z4.o
    0x000008d4   0x000008d4   0x00000020   Code   RO          274    i.TPM0_IRQHandler   tpm.o
    0x000008f4   0x000008f4   0x00000064   Code   RO          128    i.UART0_IRQHandler  uart.o
    0x00000958   0x00000958   0x0000001c   Code   RO          387    i.__ARM_common_switch8  system_mkl05z4.o
    0x00000974   0x00000974   0x0000001c   Code   RO          254    i.delay_mc          extra.o
    0x00000990   0x00000990   0x00000034   Code   RO          129    i.dequeue           uart.o
    0x000009c4   0x000009c4   0x00000054   Code   RO          130    i.enqueue           uart.o
    0x00000a18   0x00000a18   0x000000b0   Code   RO           66    i.i2c_init          i2c.o
    0x00000ac8   0x00000ac8   0x000000d4   Code   RO           67    i.i2c_read_byte     i2c.o
    0x00000b9c   0x00000b9c   0x00000080   Code   RO           70    i.i2c_write_byte    i2c.o
    0x00000c1c   0x00000c1c   0x00000018   Code   RO          132    i.init_RXTX_buffers  uart.o
    0x00000c34   0x00000c34   0x0000000e   Code   RO          133    i.init_buffer       uart.o
    0x00000c42   0x00000c42   0x0000009c   Code   RO          219    i.init_mma          acc.o
    0x00000cde   0x00000cde   0x00000002   PAD
    0x00000ce0   0x00000ce0   0x00000018   Code   RO          307    i.ledRedOn          leds.o
    0x00000cf8   0x00000cf8   0x0000005c   Code   RO          308    i.ledsInitialize    leds.o
    0x00000d54   0x00000d54   0x00000018   Code   RO          309    i.ledsOff           leds.o
    0x00000d6c   0x00000d6c   0x00000018   Code   RO            3    i.main              main.o
    0x00000d84   0x00000d84   0x00000012   Code   RO          134    i.q_empty           uart.o
    0x00000d96   0x00000d96   0x00000012   Code   RO          135    i.q_full            uart.o
    0x00000da8   0x00000da8   0x00000018   Code   RO          136    i.send_char         uart.o
    0x00000dc0   0x00000dc0   0x000000b0   Code   RO          275    i.tpmInitialize     tpm.o
    0x00000e70   0x00000e70   0x000000c4   Code   RO          138    i.uartInitialize    uart.o
    0x00000f34   0x00000f34   0x000000b0   Code   RO          412    x$fpl$fmul          fz_ps.l(fmul.o)
    0x00000fe4   0x00000fe4   0x00000000   Code   RO          419    x$fpl$usenofp       fz_ps.l(usenofp.o)
    0x00000fe4   0x00000fe4   0x00000040   Data   RO          406    .constdata          fz_ps.l(fdiv.o)
    0x00001024   0x00001024   0x00000020   Data   RO          580    Region$$Table       anon$$obj.o


    Execution Region ER_RW (Exec base: 0x1ffffc00, Load base: 0x00001044, Size: 0x00000010, Max: 0xffffffff, ABSOLUTE)

    Exec Addr    Load Addr    Size         Type   Attr      Idx    E Section Name        Object

    0x1ffffc00   0x00001044   0x0000000a   Data   RW           71    .data               i2c.o
    0x1ffffc0a   0x0000104e   0x00000002   Data   RW          276    .data               tpm.o
    0x1ffffc0c   0x00001050   0x00000004   Data   RW          365    .data               system_mkl05z4.o


    Execution Region ER_ZI (Exec base: 0x1ffffc10, Load base: 0x00001054, Size: 0x000001e8, Max: 0xffffffff, ABSOLUTE)

    Exec Addr    Load Addr    Size         Type   Attr      Idx    E Section Name        Object

    0x1ffffc10        -       0x00000086   Zero   RW          139    .bss                uart.o
    0x1ffffc96   0x00001054   0x00000002   PAD
    0x1ffffc98        -       0x00000060   Zero   RW          453    .bss                c_p.l(libspace.o)
    0x1ffffcf8        -       0x00000000   Zero   RW          352    HEAP                startup_mkl05z4.o
    0x1ffffcf8        -       0x00000100   Zero   RW          351    STACK               startup_mkl05z4.o


==============================================================================

Image component sizes


      Code (inc. data)   RO Data    RW Data    ZI Data      Debug   Object Name

       156          0          0          0          0        475   acc.o
        28          4          0          0          0        423   extra.o
       844         86          0         10          0       8573   i2c.o
       140         24          0          0          0       1058   leds.o
        24          0          0          0          0      80927   main.o
        68         38        192          0        256        800   startup_mkl05z4.o
       448         60          0          4          0       1427   system_mkl05z4.o
       208         34          0          2          0       6886   tpm.o
       670         64          0          0        134       5297   uart.o

    ----------------------------------------------------------------------
      2588        310        224         16        392     105866   Object Totals
         0          0         32          0          0          0   (incl. Generated)
         2          0          0          0          2          0   (incl. Padding)

    ----------------------------------------------------------------------

      Code (inc. data)   RO Data    RW Data    ZI Data      Debug   Library Member Name

         8          0          0          0          0         68   __main.o
         0          0          0          0          0          0   __rtentry.o
        12          0          0          0          0          0   __rtentry2.o
         6          0          0          0          0          0   __rtentry4.o
        60          8          0          0          0          0   __scatter.o
        26          0          0          0          0          0   __scatter_copy.o
        28          0          0          0          0          0   __scatter_zi.o
       346          0          0          0          0         92   aeabi_sdiv.o
        16          0          0          0          0         68   exit.o
         6          0          0          0          0        136   heapauxi.o
         0          0          0          0          0          0   indicate_semi.o
         2          0          0          0          0          0   libinit.o
         2          0          0          0          0          0   libinit2.o
         2          0          0          0          0          0   libshutdown.o
         2          0          0          0          0          0   libshutdown2.o
         8          4          0          0         96         68   libspace.o
         2          0          0          0          0          0   rtexit.o
        10          0          0          0          0          0   rtexit2.o
        12          4          0          0          0         60   sys_exit.o
        62          0          0          0          0         80   sys_stackheap_outer.o
         2          0          0          0          0         68   use_no_semi.o
       352         10         64          0          0         92   fdiv.o
        48          0          0          0          0         60   ffixui.o
        94          0          0          0          0         92   fflti.o
       176          4          0          0          0         80   fmul.o
         0          0          0          0          0          0   usenofp.o

    ----------------------------------------------------------------------
      1288         30         64          0         96        964   Library Totals
         6          0          0          0          0          0   (incl. Padding)

    ----------------------------------------------------------------------

      Code (inc. data)   RO Data    RW Data    ZI Data      Debug   Library Name

       612         16          0          0         96        640   c_p.l
       670         14         64          0          0        324   fz_ps.l

    ----------------------------------------------------------------------
      1288         30         64          0         96        964   Library Totals

    ----------------------------------------------------------------------

==============================================================================


      Code (inc. data)   RO Data    RW Data    ZI Data      Debug   

      3876        340        288         16        488     105402   Grand Totals
      3876        340        288         16        488     105402   ELF Image Totals
      3876        340        288         16          0          0   ROM Totals

==============================================================================

    Total RO  Size (Code + RO Data)                 4164 (   4.07kB)
    Total RW  Size (RW Data + ZI Data)               504 (   0.49kB)
    Total ROM Size (Code + RO Data + RW Data)       4180 (   4.08kB)

==============================================================================

